I'm sorry, but errors were detected in your script. Please correct the
errors listed below, and try again.


The label liz is defined twice, at File "game/script.rpy", line 51:
label liz:
and File "game/script.rpy", line 87:
label liz:


Ren'Py Version: Ren'Py 8.0.3.22090809
Wed Sep 27 23:00:11 2023
